simple_test.c:7: beforeAll
simple_test.c:15: beforeEach
simple_test.c:23: test1
simple_test.c:19: afterEach
simple_test.c:15: beforeEach
simple_test.c:27: test2
simple_test.c:19: afterEach
simple_test.c:15: beforeEach
simple_test.c:31: test3
simple_test.c:19: afterEach
simple_test.c:11: afterAll
./simple_test: 3 test cases, 3 successful, 0 failed.
